"11\n12\n13\n14\n15\n21\n22\n23\n24\n25\n31\n32\n33\n41\n42\n43\n51\n52\n53\n"
