"-5.000000\n-2.500000\n0.000000\n2.500000\n5.000000\n"
