"11\n12\n13\n14\n15\n21\n22\n23\n24\n25\n31\n32\n33\n"
